INFO:     Will watch for changes in these directories: ['C:\\Users\\shubh\\OneDrive\\clound\\OneDrive\\Desktop\\assiment\\ai-order-supervisor\\backend']
INFO:     Uvicorn running on http://127.0.0.1:8000 (Press CTRL+C to quit)
INFO:     Started reloader process [24684] using WatchFiles
INFO:     Started server process [23620]
INFO:     Waiting for application startup.
INFO:     Application startup complete.
INFO:     127.0.0.1:61513 - "GET /health HTTP/1.1" 200 OK
INFO:     127.0.0.1:61515 - "POST /runs HTTP/1.1" 500 Internal Server Error
ERROR:    Exception in ASGI application
Traceback (most recent call last):
  File "C:\Users\shubh\OneDrive\clound\OneDrive\Desktop\assiment\ai-order-supervisor\backend\.venv\Lib\site-packages\uvicorn\protocols\http\httptools_impl.py", line 422, in run_asgi
    result = await app(  # type: ignore[func-returns-value]
             ^^^^^^^^^^^^^^^^^^^^^^^^^^^^^^^^^^^^^^^^^^^^^^
  File "C:\Users\shubh\OneDrive\clound\OneDrive\Desktop\assiment\ai-order-supervisor\backend\.venv\Lib\site-packages\uvicorn\middleware\proxy_headers.py", line 63, in __call__
    return await self.app(scope, receive, send)
           ^^^^^^^^^^^^^^^^^^^^^^^^^^^^^^^^^^^^
  File "C:\Users\shubh\OneDrive\clound\OneDrive\Desktop\assiment\ai-order-supervisor\backend\.venv\Lib\site-packages\fastapi\applications.py", line 1163, in __call__
    await super().__call__(scope, receive, send)
  File "C:\Users\shubh\OneDrive\clound\OneDrive\Desktop\assiment\ai-order-supervisor\backend\.venv\Lib\site-packages\starlette\applications.py", line 96, in __call__
    await self.middleware_stack(scope, receive, send)
  File "C:\Users\shubh\OneDrive\clound\OneDrive\Desktop\assiment\ai-order-supervisor\backend\.venv\Lib\site-packages\starlette\middleware\errors.py", line 186, in __call__
    raise exc
  File "C:\Users\shubh\OneDrive\clound\OneDrive\Desktop\assiment\ai-order-supervisor\backend\.venv\Lib\site-packages\starlette\middleware\errors.py", line 164, in __call__
    await self.app(scope, receive, _send)
  File "C:\Users\shubh\OneDrive\clound\OneDrive\Desktop\assiment\ai-order-supervisor\backend\.venv\Lib\site-packages\starlette\middleware\cors.py", line 88, in __call__
    await self.app(scope, receive, send)
  File "C:\Users\shubh\OneDrive\clound\OneDrive\Desktop\assiment\ai-order-supervisor\backend\.venv\Lib\site-packages\starlette\middleware\exceptions.py", line 63, in __call__
    await wrap_app_handling_exceptions(self.app, conn)(scope, receive, send)
  File "C:\Users\shubh\OneDrive\clound\OneDrive\Desktop\assiment\ai-order-supervisor\backend\.venv\Lib\site-packages\starlette\_exception_handler.py", line 53, in wrapped_app
    raise exc
  File "C:\Users\shubh\OneDrive\clound\OneDrive\Desktop\assiment\ai-order-supervisor\backend\.venv\Lib\site-packages\starlette\_exception_handler.py", line 42, in wrapped_app
    await app(scope, receive, sender)
  File "C:\Users\shubh\OneDrive\clound\OneDrive\Desktop\assiment\ai-order-supervisor\backend\.venv\Lib\site-packages\fastapi\middleware\asyncexitstack.py", line 18, in __call__
    await self.app(scope, receive, send)
  File "C:\Users\shubh\OneDrive\clound\OneDrive\Desktop\assiment\ai-order-supervisor\backend\.venv\Lib\site-packages\starlette\routing.py", line 670, in __call__
    await self.middleware_stack(scope, receive, send)
  File "C:\Users\shubh\OneDrive\clound\OneDrive\Desktop\assiment\ai-order-supervisor\backend\.venv\Lib\site-packages\fastapi\routing.py", line 2734, in app
    await route.handle(scope, receive, send)
  File "C:\Users\shubh\OneDrive\clound\OneDrive\Desktop\assiment\ai-order-supervisor\backend\.venv\Lib\site-packages\fastapi\routing.py", line 1281, in handle
    await super().handle(scope, receive, send)
  File "C:\Users\shubh\OneDrive\clound\OneDrive\Desktop\assiment\ai-order-supervisor\backend\.venv\Lib\site-packages\starlette\routing.py", line 280, in handle
    await self.app(scope, receive, send)
  File "C:\Users\shubh\OneDrive\clound\OneDrive\Desktop\assiment\ai-order-supervisor\backend\.venv\Lib\site-packages\fastapi\routing.py", line 158, in app
    await wrap_app_handling_exceptions(app, request)(scope, receive, send)
  File "C:\Users\shubh\OneDrive\clound\OneDrive\Desktop\assiment\ai-order-supervisor\backend\.venv\Lib\site-packages\starlette\_exception_handler.py", line 53, in wrapped_app
    raise exc
  File "C:\Users\shubh\OneDrive\clound\OneDrive\Desktop\assiment\ai-order-supervisor\backend\.venv\Lib\site-packages\starlette\_exception_handler.py", line 42, in wrapped_app
    await app(scope, receive, sender)
  File "C:\Users\shubh\OneDrive\clound\OneDrive\Desktop\assiment\ai-order-supervisor\backend\.venv\Lib\site-packages\fastapi\routing.py", line 144, in app
    response = await f(request)
               ^^^^^^^^^^^^^^^^
  File "C:\Users\shubh\OneDrive\clound\OneDrive\Desktop\assiment\ai-order-supervisor\backend\.venv\Lib\site-packages\fastapi\routing.py", line 706, in app
    raw_response = await run_endpoint_function(
                   ^^^^^^^^^^^^^^^^^^^^^^^^^^^^
  File "C:\Users\shubh\OneDrive\clound\OneDrive\Desktop\assiment\ai-order-supervisor\backend\.venv\Lib\site-packages\fastapi\routing.py", line 352, in run_endpoint_function
    return await dependant.call(**values)
           ^^^^^^^^^^^^^^^^^^^^^^^^^^^^^^
  File "C:\Users\shubh\OneDrive\clound\OneDrive\Desktop\assiment\ai-order-supervisor\backend\main.py", line 27, in create_run
    client = await get_client()
             ^^^^^^^^^^^^^^^^^^
  File "C:\Users\shubh\OneDrive\clound\OneDrive\Desktop\assiment\ai-order-supervisor\backend\temporal.py", line 10, in get_client
    _client=await Client.connect("localhost:7233")
            ^^^^^^^^^^^^^^^^^^^^^^^^^^^^^^^^^^^^^^
  File "C:\Users\shubh\OneDrive\clound\OneDrive\Desktop\assiment\ai-order-supervisor\backend\.venv\Lib\site-packages\temporalio\client\_client.py", line 249, in connect
    service_client = await next_function(connect_config)
                     ^^^^^^^^^^^^^^^^^^^^^^^^^^^^^^^^^^^
  File "C:\Users\shubh\OneDrive\clound\OneDrive\Desktop\assiment\ai-order-supervisor\backend\.venv\Lib\site-packages\temporalio\service.py", line 316, in connect
    return await _BridgeServiceClient.connect(config)
           ^^^^^^^^^^^^^^^^^^^^^^^^^^^^^^^^^^^^^^^^^^
  File "C:\Users\shubh\OneDrive\clound\OneDrive\Desktop\assiment\ai-order-supervisor\backend\.venv\Lib\site-packages\temporalio\service.py", line 413, in connect
    await client._connected_client()
  File "C:\Users\shubh\OneDrive\clound\OneDrive\Desktop\assiment\ai-order-supervisor\backend\.venv\Lib\site-packages\temporalio\service.py", line 432, in _connected_client
    self._bridge_client = await temporalio.bridge.client.Client.connect(
                          ^^^^^^^^^^^^^^^^^^^^^^^^^^^^^^^^^^^^^^^^^^^^^^
  File "C:\Users\shubh\OneDrive\clound\OneDrive\Desktop\assiment\ai-order-supervisor\backend\.venv\Lib\site-packages\temporalio\bridge\client.py", line 114, in connect
    await temporalio.bridge.temporal_sdk_bridge.connect_client(
RuntimeError: Failed client connect: Server connection error: tonic::transport::Error(Transport, ConnectError(ConnectError("tcp connect error", 127.0.0.1:7233, Os { code: 10061, kind: ConnectionRefused, message: "No connection could be made because the target machine actively refused it." })))
INFO:     127.0.0.1:60591 - "POST /runs/ORD-77/events HTTP/1.1" 500 Internal Server Error
ERROR:    Exception in ASGI application
Traceback (most recent call last):
  File "C:\Users\shubh\OneDrive\clound\OneDrive\Desktop\assiment\ai-order-supervisor\backend\.venv\Lib\site-packages\uvicorn\protocols\http\httptools_impl.py", line 422, in run_asgi
    result = await app(  # type: ignore[func-returns-value]
             ^^^^^^^^^^^^^^^^^^^^^^^^^^^^^^^^^^^^^^^^^^^^^^
  File "C:\Users\shubh\OneDrive\clound\OneDrive\Desktop\assiment\ai-order-supervisor\backend\.venv\Lib\site-packages\uvicorn\middleware\proxy_headers.py", line 63, in __call__
    return await self.app(scope, receive, send)
           ^^^^^^^^^^^^^^^^^^^^^^^^^^^^^^^^^^^^
  File "C:\Users\shubh\OneDrive\clound\OneDrive\Desktop\assiment\ai-order-supervisor\backend\.venv\Lib\site-packages\fastapi\applications.py", line 1163, in __call__
    await super().__call__(scope, receive, send)
  File "C:\Users\shubh\OneDrive\clound\OneDrive\Desktop\assiment\ai-order-supervisor\backend\.venv\Lib\site-packages\starlette\applications.py", line 96, in __call__
    await self.middleware_stack(scope, receive, send)
  File "C:\Users\shubh\OneDrive\clound\OneDrive\Desktop\assiment\ai-order-supervisor\backend\.venv\Lib\site-packages\starlette\middleware\errors.py", line 186, in __call__
    raise exc
  File "C:\Users\shubh\OneDrive\clound\OneDrive\Desktop\assiment\ai-order-supervisor\backend\.venv\Lib\site-packages\starlette\middleware\errors.py", line 164, in __call__
    await self.app(scope, receive, _send)
  File "C:\Users\shubh\OneDrive\clound\OneDrive\Desktop\assiment\ai-order-supervisor\backend\.venv\Lib\site-packages\starlette\middleware\cors.py", line 88, in __call__
    await self.app(scope, receive, send)
  File "C:\Users\shubh\OneDrive\clound\OneDrive\Desktop\assiment\ai-order-supervisor\backend\.venv\Lib\site-packages\starlette\middleware\exceptions.py", line 63, in __call__
    await wrap_app_handling_exceptions(self.app, conn)(scope, receive, send)
  File "C:\Users\shubh\OneDrive\clound\OneDrive\Desktop\assiment\ai-order-supervisor\backend\.venv\Lib\site-packages\starlette\_exception_handler.py", line 53, in wrapped_app
    raise exc
  File "C:\Users\shubh\OneDrive\clound\OneDrive\Desktop\assiment\ai-order-supervisor\backend\.venv\Lib\site-packages\starlette\_exception_handler.py", line 42, in wrapped_app
    await app(scope, receive, sender)
  File "C:\Users\shubh\OneDrive\clound\OneDrive\Desktop\assiment\ai-order-supervisor\backend\.venv\Lib\site-packages\fastapi\middleware\asyncexitstack.py", line 18, in __call__
    await self.app(scope, receive, send)
  File "C:\Users\shubh\OneDrive\clound\OneDrive\Desktop\assiment\ai-order-supervisor\backend\.venv\Lib\site-packages\starlette\routing.py", line 670, in __call__
    await self.middleware_stack(scope, receive, send)
  File "C:\Users\shubh\OneDrive\clound\OneDrive\Desktop\assiment\ai-order-supervisor\backend\.venv\Lib\site-packages\fastapi\routing.py", line 2734, in app
    await route.handle(scope, receive, send)
  File "C:\Users\shubh\OneDrive\clound\OneDrive\Desktop\assiment\ai-order-supervisor\backend\.venv\Lib\site-packages\fastapi\routing.py", line 1281, in handle
    await super().handle(scope, receive, send)
  File "C:\Users\shubh\OneDrive\clound\OneDrive\Desktop\assiment\ai-order-supervisor\backend\.venv\Lib\site-packages\starlette\routing.py", line 280, in handle
    await self.app(scope, receive, send)
  File "C:\Users\shubh\OneDrive\clound\OneDrive\Desktop\assiment\ai-order-supervisor\backend\.venv\Lib\site-packages\fastapi\routing.py", line 158, in app
    await wrap_app_handling_exceptions(app, request)(scope, receive, send)
  File "C:\Users\shubh\OneDrive\clound\OneDrive\Desktop\assiment\ai-order-supervisor\backend\.venv\Lib\site-packages\starlette\_exception_handler.py", line 53, in wrapped_app
    raise exc
  File "C:\Users\shubh\OneDrive\clound\OneDrive\Desktop\assiment\ai-order-supervisor\backend\.venv\Lib\site-packages\starlette\_exception_handler.py", line 42, in wrapped_app
    await app(scope, receive, sender)
  File "C:\Users\shubh\OneDrive\clound\OneDrive\Desktop\assiment\ai-order-supervisor\backend\.venv\Lib\site-packages\fastapi\routing.py", line 144, in app
    response = await f(request)
               ^^^^^^^^^^^^^^^^
  File "C:\Users\shubh\OneDrive\clound\OneDrive\Desktop\assiment\ai-order-supervisor\backend\.venv\Lib\site-packages\fastapi\routing.py", line 706, in app
    raw_response = await run_endpoint_function(
                   ^^^^^^^^^^^^^^^^^^^^^^^^^^^^
  File "C:\Users\shubh\OneDrive\clound\OneDrive\Desktop\assiment\ai-order-supervisor\backend\.venv\Lib\site-packages\fastapi\routing.py", line 352, in run_endpoint_function
    return await dependant.call(**values)
           ^^^^^^^^^^^^^^^^^^^^^^^^^^^^^^
  File "C:\Users\shubh\OneDrive\clound\OneDrive\Desktop\assiment\ai-order-supervisor\backend\main.py", line 42, in inject_event
    handle = (await get_client()).get_workflow_handle(workflow_id(order_id))
              ^^^^^^^^^^^^^^^^^^
  File "C:\Users\shubh\OneDrive\clound\OneDrive\Desktop\assiment\ai-order-supervisor\backend\temporal.py", line 10, in get_client
    _client=await Client.connect("localhost:7233")
            ^^^^^^^^^^^^^^^^^^^^^^^^^^^^^^^^^^^^^^
  File "C:\Users\shubh\OneDrive\clound\OneDrive\Desktop\assiment\ai-order-supervisor\backend\.venv\Lib\site-packages\temporalio\client\_client.py", line 249, in connect
    service_client = await next_function(connect_config)
                     ^^^^^^^^^^^^^^^^^^^^^^^^^^^^^^^^^^^
  File "C:\Users\shubh\OneDrive\clound\OneDrive\Desktop\assiment\ai-order-supervisor\backend\.venv\Lib\site-packages\temporalio\service.py", line 316, in connect
    return await _BridgeServiceClient.connect(config)
           ^^^^^^^^^^^^^^^^^^^^^^^^^^^^^^^^^^^^^^^^^^
  File "C:\Users\shubh\OneDrive\clound\OneDrive\Desktop\assiment\ai-order-supervisor\backend\.venv\Lib\site-packages\temporalio\service.py", line 413, in connect
    await client._connected_client()
  File "C:\Users\shubh\OneDrive\clound\OneDrive\Desktop\assiment\ai-order-supervisor\backend\.venv\Lib\site-packages\temporalio\service.py", line 432, in _connected_client
    self._bridge_client = await temporalio.bridge.client.Client.connect(
                          ^^^^^^^^^^^^^^^^^^^^^^^^^^^^^^^^^^^^^^^^^^^^^^
  File "C:\Users\shubh\OneDrive\clound\OneDrive\Desktop\assiment\ai-order-supervisor\backend\.venv\Lib\site-packages\temporalio\bridge\client.py", line 114, in connect
    await temporalio.bridge.temporal_sdk_bridge.connect_client(
RuntimeError: Failed client connect: Server connection error: tonic::transport::Error(Transport, ConnectError(ConnectError("tcp connect error", 127.0.0.1:7233, Os { code: 10061, kind: ConnectionRefused, message: "No connection could be made because the target machine actively refused it." })))
INFO:     127.0.0.1:60455 - "GET /runs/ORD-77 HTTP/1.1" 500 Internal Server Error
ERROR:    Exception in ASGI application
Traceback (most recent call last):
  File "C:\Users\shubh\OneDrive\clound\OneDrive\Desktop\assiment\ai-order-supervisor\backend\.venv\Lib\site-packages\uvicorn\protocols\http\httptools_impl.py", line 422, in run_asgi
    result = await app(  # type: ignore[func-returns-value]
             ^^^^^^^^^^^^^^^^^^^^^^^^^^^^^^^^^^^^^^^^^^^^^^
  File "C:\Users\shubh\OneDrive\clound\OneDrive\Desktop\assiment\ai-order-supervisor\backend\.venv\Lib\site-packages\uvicorn\middleware\proxy_headers.py", line 63, in __call__
    return await self.app(scope, receive, send)
           ^^^^^^^^^^^^^^^^^^^^^^^^^^^^^^^^^^^^
  File "C:\Users\shubh\OneDrive\clound\OneDrive\Desktop\assiment\ai-order-supervisor\backend\.venv\Lib\site-packages\fastapi\applications.py", line 1163, in __call__
    await super().__call__(scope, receive, send)
  File "C:\Users\shubh\OneDrive\clound\OneDrive\Desktop\assiment\ai-order-supervisor\backend\.venv\Lib\site-packages\starlette\applications.py", line 96, in __call__
    await self.middleware_stack(scope, receive, send)
  File "C:\Users\shubh\OneDrive\clound\OneDrive\Desktop\assiment\ai-order-supervisor\backend\.venv\Lib\site-packages\starlette\middleware\errors.py", line 186, in __call__
    raise exc
  File "C:\Users\shubh\OneDrive\clound\OneDrive\Desktop\assiment\ai-order-supervisor\backend\.venv\Lib\site-packages\starlette\middleware\errors.py", line 164, in __call__
    await self.app(scope, receive, _send)
  File "C:\Users\shubh\OneDrive\clound\OneDrive\Desktop\assiment\ai-order-supervisor\backend\.venv\Lib\site-packages\starlette\middleware\cors.py", line 88, in __call__
    await self.app(scope, receive, send)
  File "C:\Users\shubh\OneDrive\clound\OneDrive\Desktop\assiment\ai-order-supervisor\backend\.venv\Lib\site-packages\starlette\middleware\exceptions.py", line 63, in __call__
    await wrap_app_handling_exceptions(self.app, conn)(scope, receive, send)
  File "C:\Users\shubh\OneDrive\clound\OneDrive\Desktop\assiment\ai-order-supervisor\backend\.venv\Lib\site-packages\starlette\_exception_handler.py", line 53, in wrapped_app
    raise exc
  File "C:\Users\shubh\OneDrive\clound\OneDrive\Desktop\assiment\ai-order-supervisor\backend\.venv\Lib\site-packages\starlette\_exception_handler.py", line 42, in wrapped_app
    await app(scope, receive, sender)
  File "C:\Users\shubh\OneDrive\clound\OneDrive\Desktop\assiment\ai-order-supervisor\backend\.venv\Lib\site-packages\fastapi\middleware\asyncexitstack.py", line 18, in __call__
    await self.app(scope, receive, send)
  File "C:\Users\shubh\OneDrive\clound\OneDrive\Desktop\assiment\ai-order-supervisor\backend\.venv\Lib\site-packages\starlette\routing.py", line 670, in __call__
    await self.middleware_stack(scope, receive, send)
  File "C:\Users\shubh\OneDrive\clound\OneDrive\Desktop\assiment\ai-order-supervisor\backend\.venv\Lib\site-packages\fastapi\routing.py", line 2734, in app
    await route.handle(scope, receive, send)
  File "C:\Users\shubh\OneDrive\clound\OneDrive\Desktop\assiment\ai-order-supervisor\backend\.venv\Lib\site-packages\fastapi\routing.py", line 1281, in handle
    await super().handle(scope, receive, send)
  File "C:\Users\shubh\OneDrive\clound\OneDrive\Desktop\assiment\ai-order-supervisor\backend\.venv\Lib\site-packages\starlette\routing.py", line 280, in handle
    await self.app(scope, receive, send)
  File "C:\Users\shubh\OneDrive\clound\OneDrive\Desktop\assiment\ai-order-supervisor\backend\.venv\Lib\site-packages\fastapi\routing.py", line 158, in app
    await wrap_app_handling_exceptions(app, request)(scope, receive, send)
  File "C:\Users\shubh\OneDrive\clound\OneDrive\Desktop\assiment\ai-order-supervisor\backend\.venv\Lib\site-packages\starlette\_exception_handler.py", line 53, in wrapped_app
    raise exc
  File "C:\Users\shubh\OneDrive\clound\OneDrive\Desktop\assiment\ai-order-supervisor\backend\.venv\Lib\site-packages\starlette\_exception_handler.py", line 42, in wrapped_app
    await app(scope, receive, sender)
  File "C:\Users\shubh\OneDrive\clound\OneDrive\Desktop\assiment\ai-order-supervisor\backend\.venv\Lib\site-packages\fastapi\routing.py", line 144, in app
    response = await f(request)
               ^^^^^^^^^^^^^^^^
  File "C:\Users\shubh\OneDrive\clound\OneDrive\Desktop\assiment\ai-order-supervisor\backend\.venv\Lib\site-packages\fastapi\routing.py", line 706, in app
    raw_response = await run_endpoint_function(
                   ^^^^^^^^^^^^^^^^^^^^^^^^^^^^
  File "C:\Users\shubh\OneDrive\clound\OneDrive\Desktop\assiment\ai-order-supervisor\backend\.venv\Lib\site-packages\fastapi\routing.py", line 352, in run_endpoint_function
    return await dependant.call(**values)
           ^^^^^^^^^^^^^^^^^^^^^^^^^^^^^^
  File "C:\Users\shubh\OneDrive\clound\OneDrive\Desktop\assiment\ai-order-supervisor\backend\main.py", line 65, in run_status
    handle = (await get_client()).get_workflow_handle(workflow_id(order_id))
              ^^^^^^^^^^^^^^^^^^
  File "C:\Users\shubh\OneDrive\clound\OneDrive\Desktop\assiment\ai-order-supervisor\backend\temporal.py", line 10, in get_client
    _client=await Client.connect("localhost:7233")
            ^^^^^^^^^^^^^^^^^^^^^^^^^^^^^^^^^^^^^^
  File "C:\Users\shubh\OneDrive\clound\OneDrive\Desktop\assiment\ai-order-supervisor\backend\.venv\Lib\site-packages\temporalio\client\_client.py", line 249, in connect
    service_client = await next_function(connect_config)
                     ^^^^^^^^^^^^^^^^^^^^^^^^^^^^^^^^^^^
  File "C:\Users\shubh\OneDrive\clound\OneDrive\Desktop\assiment\ai-order-supervisor\backend\.venv\Lib\site-packages\temporalio\service.py", line 316, in connect
    return await _BridgeServiceClient.connect(config)
           ^^^^^^^^^^^^^^^^^^^^^^^^^^^^^^^^^^^^^^^^^^
  File "C:\Users\shubh\OneDrive\clound\OneDrive\Desktop\assiment\ai-order-supervisor\backend\.venv\Lib\site-packages\temporalio\service.py", line 413, in connect
    await client._connected_client()
  File "C:\Users\shubh\OneDrive\clound\OneDrive\Desktop\assiment\ai-order-supervisor\backend\.venv\Lib\site-packages\temporalio\service.py", line 432, in _connected_client
    self._bridge_client = await temporalio.bridge.client.Client.connect(
                          ^^^^^^^^^^^^^^^^^^^^^^^^^^^^^^^^^^^^^^^^^^^^^^
  File "C:\Users\shubh\OneDrive\clound\OneDrive\Desktop\assiment\ai-order-supervisor\backend\.venv\Lib\site-packages\temporalio\bridge\client.py", line 114, in connect
    await temporalio.bridge.temporal_sdk_bridge.connect_client(
RuntimeError: Failed client connect: Server connection error: tonic::transport::Error(Transport, ConnectError(ConnectError("tcp connect error", 127.0.0.1:7233, Os { code: 10061, kind: ConnectionRefused, message: "No connection could be made because the target machine actively refused it." })))
